2026/09/28 08:55:22 Resonance listening on 127.0.0.1:18084
2026/09/28 08:55:22 INFO reconciliation_sweep_scheduled cycle_id=1 trigger=startup
2026/09/28 08:55:23 INFO reconciliation_scan_started cycle_id=1 root_id=885c6fe5-5e2d-4101-9e61-ec1a862ce3da trigger=configuration
2026/09/28 08:55:23 INFO scan_started run_id=9be842aa-07d1-4edb-bd92-7fc997a64e77 root_id=885c6fe5-5e2d-4101-9e61-ec1a862ce3da
2026/09/28 08:55:24 INFO scan_finished run_id=9be842aa-07d1-4edb-bd92-7fc997a64e77 root_id=885c6fe5-5e2d-4101-9e61-ec1a862ce3da status=succeeded error_code="" files_visited=10 files_supported=10 files_unchanged=10 files_hashed=0 imported=0 locations_added=0 locations_moved=0 locations_unavailable=0 failed=0 bytes_hashed=0 metadata_extractions=0 traversal_complete=true observations_applied=true absence_reconciled=true duration_ms=293.994 publish_transaction_ms=67.816 grouping_ms=0 sql_statements=43 rows_affected=34
2026/09/28 08:55:24 INFO reconciliation_scan_finished cycle_id=1 root_id=885c6fe5-5e2d-4101-9e61-ec1a862ce3da status=succeeded error_code="" traversal_complete=true absence_reconciled=true duration_ms=293.994
2026/09/28 08:55:24 INFO reconciliation_scan_started cycle_id=2 root_id=d0159173-e2e3-4ca6-9b07-47a08cebc79f trigger=configuration
2026/09/28 08:55:24 INFO scan_started run_id=8a61f9e0-649d-444b-a8b9-57b2ac4a6058 root_id=d0159173-e2e3-4ca6-9b07-47a08cebc79f
2026/09/28 08:55:24 INFO scan_file_error run_id=8a61f9e0-649d-444b-a8b9-57b2ac4a6058 root_id=d0159173-e2e3-4ca6-9b07-47a08cebc79f code=unsupported_format
2026/09/28 08:55:32 INFO scan_file_error run_id=8a61f9e0-649d-444b-a8b9-57b2ac4a6058 root_id=d0159173-e2e3-4ca6-9b07-47a08cebc79f code=unsupported_format
2026/09/28 08:55:40 INFO scan_finished run_id=8a61f9e0-649d-444b-a8b9-57b2ac4a6058 root_id=d0159173-e2e3-4ca6-9b07-47a08cebc79f status=succeeded error_code="" files_visited=10002 files_supported=10000 files_unchanged=10000 files_hashed=0 imported=0 locations_added=0 locations_moved=0 locations_unavailable=0 failed=0 bytes_hashed=0 metadata_extractions=0 traversal_complete=true observations_applied=true absence_reconciled=true duration_ms=16240.362 publish_transaction_ms=6037.857 grouping_ms=0 sql_statements=20027 rows_affected=30008
2026/09/28 08:55:40 INFO reconciliation_scan_finished cycle_id=2 root_id=d0159173-e2e3-4ca6-9b07-47a08cebc79f status=succeeded error_code="" traversal_complete=true absence_reconciled=true duration_ms=16240.362
2026/09/28 08:55:40 INFO reconciliation_scan_started cycle_id=3 root_id=885c6fe5-5e2d-4101-9e61-ec1a862ce3da trigger=watch_coverage_refresh
2026/09/28 08:55:40 INFO scan_started run_id=fd9b6f21-df9b-49d5-b048-e7e6c2a6a1cf root_id=885c6fe5-5e2d-4101-9e61-ec1a862ce3da
2026/09/28 08:55:40 INFO scan_finished run_id=fd9b6f21-df9b-49d5-b048-e7e6c2a6a1cf root_id=885c6fe5-5e2d-4101-9e61-ec1a862ce3da status=succeeded error_code="" files_visited=10 files_supported=10 files_unchanged=10 files_hashed=0 imported=0 locations_added=0 locations_moved=0 locations_unavailable=0 failed=0 bytes_hashed=0 metadata_extractions=0 traversal_complete=true observations_applied=true absence_reconciled=true duration_ms=219.104 publish_transaction_ms=59.38 grouping_ms=0 sql_statements=43 rows_affected=34
2026/09/28 08:55:40 INFO reconciliation_scan_finished cycle_id=3 root_id=885c6fe5-5e2d-4101-9e61-ec1a862ce3da status=succeeded error_code="" traversal_complete=true absence_reconciled=true duration_ms=219.104
2026/09/28 08:55:41 INFO reconciliation_scan_started cycle_id=4 root_id=d0159173-e2e3-4ca6-9b07-47a08cebc79f trigger=watch_coverage_refresh
2026/09/28 08:55:41 INFO scan_started run_id=9215539a-41d0-4a62-8951-72a847d66973 root_id=d0159173-e2e3-4ca6-9b07-47a08cebc79f
2026/09/28 08:55:41 INFO scan_file_error run_id=9215539a-41d0-4a62-8951-72a847d66973 root_id=d0159173-e2e3-4ca6-9b07-47a08cebc79f code=unsupported_format
2026/09/28 08:55:49 INFO scan_file_error run_id=9215539a-41d0-4a62-8951-72a847d66973 root_id=d0159173-e2e3-4ca6-9b07-47a08cebc79f code=unsupported_format
2026/09/28 08:55:57 INFO scan_finished run_id=9215539a-41d0-4a62-8951-72a847d66973 root_id=d0159173-e2e3-4ca6-9b07-47a08cebc79f status=succeeded error_code="" files_visited=10002 files_supported=10000 files_unchanged=10000 files_hashed=0 imported=0 locations_added=0 locations_moved=0 locations_unavailable=0 failed=0 bytes_hashed=0 metadata_extractions=0 traversal_complete=true observations_applied=true absence_reconciled=true duration_ms=15718.03 publish_transaction_ms=5895.318 grouping_ms=0 sql_statements=20027 rows_affected=30008
2026/09/28 08:55:57 INFO reconciliation_scan_finished cycle_id=4 root_id=d0159173-e2e3-4ca6-9b07-47a08cebc79f status=succeeded error_code="" traversal_complete=true absence_reconciled=true duration_ms=15718.03
