{"Time":"2026-09-28T19:51:23.2749088+05:30","Action":"start","Package":"resonance/internal/library"}
{"Time":"2026-09-28T19:51:23.3500196+05:30","Action":"run","Package":"resonance/internal/library","Test":"TestM17PublicationCrashCampaign"}
{"Time":"2026-09-28T19:51:23.3506145+05:30","Action":"output","Package":"resonance/internal/library","Test":"TestM17PublicationCrashCampaign","Output":"=== RUN   TestM17PublicationCrashCampaign\n"}
{"Time":"2026-09-28T19:51:23.3506145+05:30","Action":"run","Package":"resonance/internal/library","Test":"TestM17PublicationCrashCampaign/discovery"}
{"Time":"2026-09-28T19:51:23.3506145+05:30","Action":"output","Package":"resonance/internal/library","Test":"TestM17PublicationCrashCampaign/discovery","Output":"=== RUN   TestM17PublicationCrashCampaign/discovery\n"}
{"Time":"2026-09-28T19:51:25.4488728+05:30","Action":"output","Package":"resonance/internal/library","Test":"TestM17PublicationCrashCampaign/discovery","Output":"    m17_crash_integration_test.go:84: discovery: pre-retry state inspected; atomic authority/recovery assertions passed\n"}
{"Time":"2026-09-28T19:51:25.7443343+05:30","Action":"output","Package":"resonance/internal/library","Test":"TestM17PublicationCrashCampaign/discovery","Output":"--- PASS: TestM17PublicationCrashCampaign/discovery (2.39s)\n"}
{"Time":"2026-09-28T19:51:25.7447947+05:30","Action":"pass","Package":"resonance/internal/library","Test":"TestM17PublicationCrashCampaign/discovery","Elapsed":2.39}
{"Time":"2026-09-28T19:51:25.7447947+05:30","Action":"run","Package":"resonance/internal/library","Test":"TestM17PublicationCrashCampaign/publication"}
{"Time":"2026-09-28T19:51:25.7447947+05:30","Action":"output","Package":"resonance/internal/library","Test":"TestM17PublicationCrashCampaign/publication","Output":"=== RUN   TestM17PublicationCrashCampaign/publication\n"}
{"Time":"2026-09-28T19:51:27.294832+05:30","Action":"output","Package":"resonance/internal/library","Test":"TestM17PublicationCrashCampaign/publication","Output":"    m17_crash_integration_test.go:84: publication: pre-retry state inspected; atomic authority/recovery assertions passed\n"}
{"Time":"2026-09-28T19:51:27.3761477+05:30","Action":"output","Package":"resonance/internal/library","Test":"TestM17PublicationCrashCampaign/publication","Output":"--- PASS: TestM17PublicationCrashCampaign/publication (1.63s)\n"}
{"Time":"2026-09-28T19:51:27.3761477+05:30","Action":"pass","Package":"resonance/internal/library","Test":"TestM17PublicationCrashCampaign/publication","Elapsed":1.63}
{"Time":"2026-09-28T19:51:27.3761477+05:30","Action":"run","Package":"resonance/internal/library","Test":"TestM17PublicationCrashCampaign/commit_without_delivery"}
{"Time":"2026-09-28T19:51:27.3761477+05:30","Action":"output","Package":"resonance/internal/library","Test":"TestM17PublicationCrashCampaign/commit_without_delivery","Output":"=== RUN   TestM17PublicationCrashCampaign/commit_without_delivery\n"}
{"Time":"2026-09-28T19:51:28.540357+05:30","Action":"output","Package":"resonance/internal/library","Test":"TestM17PublicationCrashCampaign/commit_without_delivery","Output":"    m17_crash_integration_test.go:84: commit_without_delivery: pre-retry state inspected; atomic authority/recovery assertions passed\n"}
{"Time":"2026-09-28T19:51:28.5993346+05:30","Action":"output","Package":"resonance/internal/library","Test":"TestM17PublicationCrashCampaign/commit_without_delivery","Output":"--- PASS: TestM17PublicationCrashCampaign/commit_without_delivery (1.22s)\n"}
{"Time":"2026-09-28T19:51:28.5993346+05:30","Action":"pass","Package":"resonance/internal/library","Test":"TestM17PublicationCrashCampaign/commit_without_delivery","Elapsed":1.22}
{"Time":"2026-09-28T19:51:28.5993346+05:30","Action":"output","Package":"resonance/internal/library","Test":"TestM17PublicationCrashCampaign","Output":"--- PASS: TestM17PublicationCrashCampaign (5.25s)\n"}
{"Time":"2026-09-28T19:51:28.5993346+05:30","Action":"pass","Package":"resonance/internal/library","Test":"TestM17PublicationCrashCampaign","Elapsed":5.25}
{"Time":"2026-09-28T19:51:28.5993346+05:30","Action":"run","Package":"resonance/internal/library","Test":"TestM17DirtyWorkHardCrashAndStartupSweep"}
{"Time":"2026-09-28T19:51:28.5993346+05:30","Action":"output","Package":"resonance/internal/library","Test":"TestM17DirtyWorkHardCrashAndStartupSweep","Output":"=== RUN   TestM17DirtyWorkHardCrashAndStartupSweep\n"}
{"Time":"2026-09-28T19:51:31.9821946+05:30","Action":"output","Package":"resonance/internal/library","Test":"TestM17DirtyWorkHardCrashAndStartupSweep","Output":"--- PASS: TestM17DirtyWorkHardCrashAndStartupSweep (3.38s)\n"}
{"Time":"2026-09-28T19:51:31.9827513+05:30","Action":"pass","Package":"resonance/internal/library","Test":"TestM17DirtyWorkHardCrashAndStartupSweep","Elapsed":3.38}
{"Time":"2026-09-28T19:51:31.9827513+05:30","Action":"output","Package":"resonance/internal/library","Output":"PASS\n"}
{"Time":"2026-09-28T19:51:31.9900389+05:30","Action":"output","Package":"resonance/internal/library","Output":"ok  \tresonance/internal/library\t8.715s\n"}
{"Time":"2026-09-28T19:51:31.9900389+05:30","Action":"pass","Package":"resonance/internal/library","Elapsed":8.715}
