2026/09/28 18:44:09 Resonance listening on 127.0.0.1:18084
2026/09/28 18:44:09 INFO reconciliation_sweep_scheduled cycle_id=1 trigger=startup
2026/09/28 18:44:09 INFO reconciliation_scan_started cycle_id=1 root_id=885c6fe5-5e2d-4101-9e61-ec1a862ce3da trigger=configuration
2026/09/28 18:44:09 INFO scan_started run_id=ca274b08-95cb-4998-ad4f-624bd235368d root_id=885c6fe5-5e2d-4101-9e61-ec1a862ce3da
2026/09/28 18:44:10 INFO scan_finished run_id=ca274b08-95cb-4998-ad4f-624bd235368d root_id=885c6fe5-5e2d-4101-9e61-ec1a862ce3da status=succeeded error_code="" files_visited=10 files_supported=10 files_unchanged=10 files_hashed=0 imported=0 locations_added=0 locations_moved=0 locations_unavailable=0 failed=0 bytes_hashed=0 metadata_extractions=0 traversal_complete=true observations_applied=true absence_reconciled=true duration_ms=270.787 publish_transaction_ms=68.241 grouping_ms=0 sql_statements=43 rows_affected=34
2026/09/28 18:44:10 INFO reconciliation_scan_finished cycle_id=1 root_id=885c6fe5-5e2d-4101-9e61-ec1a862ce3da status=succeeded error_code="" traversal_complete=true absence_reconciled=true duration_ms=270.787
2026/09/28 18:44:10 INFO reconciliation_scan_started cycle_id=2 root_id=d0159173-e2e3-4ca6-9b07-47a08cebc79f trigger=configuration
2026/09/28 18:44:10 INFO scan_started run_id=cb4d67ba-fff2-4119-a162-1d06e5dc5133 root_id=d0159173-e2e3-4ca6-9b07-47a08cebc79f
2026/09/28 18:44:10 INFO scan_file_error run_id=cb4d67ba-fff2-4119-a162-1d06e5dc5133 root_id=d0159173-e2e3-4ca6-9b07-47a08cebc79f code=unsupported_format
2026/09/28 18:44:18 INFO scan_file_error run_id=cb4d67ba-fff2-4119-a162-1d06e5dc5133 root_id=d0159173-e2e3-4ca6-9b07-47a08cebc79f code=unsupported_format
2026/09/28 18:44:24 INFO scan_finished run_id=cb4d67ba-fff2-4119-a162-1d06e5dc5133 root_id=d0159173-e2e3-4ca6-9b07-47a08cebc79f status=succeeded error_code="" files_visited=10002 files_supported=10000 files_unchanged=10000 files_hashed=0 imported=0 locations_added=0 locations_moved=0 locations_unavailable=0 failed=0 bytes_hashed=0 metadata_extractions=0 traversal_complete=true observations_applied=true absence_reconciled=true duration_ms=14276.148 publish_transaction_ms=4837.922 grouping_ms=0 sql_statements=20027 rows_affected=30008
2026/09/28 18:44:24 INFO reconciliation_scan_finished cycle_id=2 root_id=d0159173-e2e3-4ca6-9b07-47a08cebc79f status=succeeded error_code="" traversal_complete=true absence_reconciled=true duration_ms=14276.148
2026/09/28 18:44:24 INFO reconciliation_scan_started cycle_id=3 root_id=885c6fe5-5e2d-4101-9e61-ec1a862ce3da trigger=watch_coverage_refresh
2026/09/28 18:44:24 INFO scan_started run_id=b0faede2-645b-4277-bbbd-f659cca971d4 root_id=885c6fe5-5e2d-4101-9e61-ec1a862ce3da
2026/09/28 18:44:24 INFO scan_finished run_id=b0faede2-645b-4277-bbbd-f659cca971d4 root_id=885c6fe5-5e2d-4101-9e61-ec1a862ce3da status=succeeded error_code="" files_visited=10 files_supported=10 files_unchanged=10 files_hashed=0 imported=0 locations_added=0 locations_moved=0 locations_unavailable=0 failed=0 bytes_hashed=0 metadata_extractions=0 traversal_complete=true observations_applied=true absence_reconciled=true duration_ms=354.898 publish_transaction_ms=59.064 grouping_ms=0 sql_statements=43 rows_affected=34
2026/09/28 18:44:24 INFO reconciliation_scan_finished cycle_id=3 root_id=885c6fe5-5e2d-4101-9e61-ec1a862ce3da status=succeeded error_code="" traversal_complete=true absence_reconciled=true duration_ms=354.898
2026/09/28 18:44:25 INFO reconciliation_scan_started cycle_id=4 root_id=d0159173-e2e3-4ca6-9b07-47a08cebc79f trigger=watch_coverage_refresh
2026/09/28 18:44:25 INFO scan_started run_id=78a669b9-7296-4e65-84e9-713af4e9f753 root_id=d0159173-e2e3-4ca6-9b07-47a08cebc79f
2026/09/28 18:44:25 INFO scan_file_error run_id=78a669b9-7296-4e65-84e9-713af4e9f753 root_id=d0159173-e2e3-4ca6-9b07-47a08cebc79f code=unsupported_format
2026/09/28 18:44:31 INFO scan_file_error run_id=78a669b9-7296-4e65-84e9-713af4e9f753 root_id=d0159173-e2e3-4ca6-9b07-47a08cebc79f code=unsupported_format
2026/09/28 18:44:37 INFO scan_finished run_id=78a669b9-7296-4e65-84e9-713af4e9f753 root_id=d0159173-e2e3-4ca6-9b07-47a08cebc79f status=succeeded error_code="" files_visited=10002 files_supported=10000 files_unchanged=10000 files_hashed=0 imported=0 locations_added=0 locations_moved=0 locations_unavailable=0 failed=0 bytes_hashed=0 metadata_extractions=0 traversal_complete=true observations_applied=true absence_reconciled=true duration_ms=12063.08 publish_transaction_ms=4142.839 grouping_ms=0 sql_statements=20027 rows_affected=30008
2026/09/28 18:44:37 INFO reconciliation_scan_finished cycle_id=4 root_id=d0159173-e2e3-4ca6-9b07-47a08cebc79f status=succeeded error_code="" traversal_complete=true absence_reconciled=true duration_ms=12063.08
2026/09/28 19:07:14 INFO reconciliation_scan_started cycle_id=5 root_id=885c6fe5-5e2d-4101-9e61-ec1a862ce3da trigger=watcher
2026/09/28 19:07:14 INFO scan_started run_id=247bd779-23b0-49ba-ad6a-57cd487b3787 root_id=885c6fe5-5e2d-4101-9e61-ec1a862ce3da
2026/09/28 19:07:14 INFO scan_finished run_id=247bd779-23b0-49ba-ad6a-57cd487b3787 root_id=885c6fe5-5e2d-4101-9e61-ec1a862ce3da status=succeeded error_code="" files_visited=11 files_supported=11 files_unchanged=10 files_hashed=1 imported=1 locations_added=1 locations_moved=0 locations_unavailable=0 failed=0 bytes_hashed=176444 metadata_extractions=0 traversal_complete=true observations_applied=true absence_reconciled=true duration_ms=360.599 publish_transaction_ms=198.755 grouping_ms=133.848 sql_statements=59 rows_affected=40
2026/09/28 19:07:14 INFO reconciliation_scan_finished cycle_id=5 root_id=885c6fe5-5e2d-4101-9e61-ec1a862ce3da status=succeeded error_code="" traversal_complete=true absence_reconciled=true duration_ms=360.599
2026/09/28 19:14:28 INFO reconciliation_sweep_scheduled cycle_id=2 trigger=periodic
2026/09/28 19:14:28 INFO reconciliation_scan_started cycle_id=6 root_id=885c6fe5-5e2d-4101-9e61-ec1a862ce3da trigger=sweep
2026/09/28 19:14:28 INFO scan_started run_id=c6db8861-3ca7-4281-b3c4-a1368770cf03 root_id=885c6fe5-5e2d-4101-9e61-ec1a862ce3da
2026/09/28 19:14:28 INFO scan_finished run_id=c6db8861-3ca7-4281-b3c4-a1368770cf03 root_id=885c6fe5-5e2d-4101-9e61-ec1a862ce3da status=succeeded error_code="" files_visited=11 files_supported=11 files_unchanged=11 files_hashed=0 imported=0 locations_added=0 locations_moved=0 locations_unavailable=0 failed=0 bytes_hashed=0 metadata_extractions=0 traversal_complete=true observations_applied=true absence_reconciled=true duration_ms=158.432 publish_transaction_ms=42.218 grouping_ms=0 sql_statements=45 rows_affected=37
2026/09/28 19:14:28 INFO reconciliation_scan_finished cycle_id=6 root_id=885c6fe5-5e2d-4101-9e61-ec1a862ce3da status=succeeded error_code="" traversal_complete=true absence_reconciled=true duration_ms=158.432
2026/09/28 19:14:28 INFO reconciliation_scan_started cycle_id=7 root_id=d0159173-e2e3-4ca6-9b07-47a08cebc79f trigger=sweep
2026/09/28 19:14:28 INFO scan_started run_id=4f7be972-1435-4559-abbe-de344a839327 root_id=d0159173-e2e3-4ca6-9b07-47a08cebc79f
2026/09/28 19:14:28 INFO scan_file_error run_id=4f7be972-1435-4559-abbe-de344a839327 root_id=d0159173-e2e3-4ca6-9b07-47a08cebc79f code=unsupported_format
2026/09/28 19:14:36 INFO scan_file_error run_id=4f7be972-1435-4559-abbe-de344a839327 root_id=d0159173-e2e3-4ca6-9b07-47a08cebc79f code=unsupported_format
2026/09/28 19:14:42 INFO scan_finished run_id=4f7be972-1435-4559-abbe-de344a839327 root_id=d0159173-e2e3-4ca6-9b07-47a08cebc79f status=succeeded error_code="" files_visited=10002 files_supported=10000 files_unchanged=10000 files_hashed=0 imported=0 locations_added=0 locations_moved=0 locations_unavailable=0 failed=0 bytes_hashed=0 metadata_extractions=0 traversal_complete=true observations_applied=true absence_reconciled=true duration_ms=13375.816 publish_transaction_ms=3819.029 grouping_ms=0 sql_statements=20027 rows_affected=30008
2026/09/28 19:14:42 INFO reconciliation_scan_finished cycle_id=7 root_id=d0159173-e2e3-4ca6-9b07-47a08cebc79f status=succeeded error_code="" traversal_complete=true absence_reconciled=true duration_ms=13375.816
