2026/09/28 07:34:57 Resonance listening on 127.0.0.1:18081
2026/09/28 07:34:57 INFO reconciliation_sweep_scheduled cycle_id=1 trigger=startup
2026/09/28 07:34:58 INFO reconciliation_scan_started cycle_id=1 root_id=5f48cdc1-fe71-4c90-b1fa-cce84aa7e0c4 trigger=configuration
2026/09/28 07:34:58 INFO scan_started run_id=bcb14d8c-d647-42f3-ad31-cc52099daca1 root_id=5f48cdc1-fe71-4c90-b1fa-cce84aa7e0c4
2026/09/28 07:34:58 INFO scan_finished run_id=bcb14d8c-d647-42f3-ad31-cc52099daca1 root_id=5f48cdc1-fe71-4c90-b1fa-cce84aa7e0c4 status=succeeded error_code="" files_visited=10 files_supported=10 files_unchanged=10 files_hashed=0 imported=0 locations_added=0 locations_moved=0 locations_unavailable=0 failed=0 bytes_hashed=0 metadata_extractions=0 traversal_complete=true observations_applied=true absence_reconciled=true duration_ms=299.919 publish_transaction_ms=23.203 grouping_ms=0 sql_statements=43 rows_affected=34
2026/09/28 07:34:58 INFO reconciliation_scan_finished cycle_id=1 root_id=5f48cdc1-fe71-4c90-b1fa-cce84aa7e0c4 status=succeeded error_code="" traversal_complete=true absence_reconciled=true duration_ms=299.919
2026/09/28 07:34:59 INFO reconciliation_scan_started cycle_id=2 root_id=5f48cdc1-fe71-4c90-b1fa-cce84aa7e0c4 trigger=watch_coverage_refresh
2026/09/28 07:34:59 INFO scan_started run_id=f10d3e92-67d0-4b39-966d-42652e19df63 root_id=5f48cdc1-fe71-4c90-b1fa-cce84aa7e0c4
2026/09/28 07:35:00 INFO scan_finished run_id=f10d3e92-67d0-4b39-966d-42652e19df63 root_id=5f48cdc1-fe71-4c90-b1fa-cce84aa7e0c4 status=succeeded error_code="" files_visited=10 files_supported=10 files_unchanged=10 files_hashed=0 imported=0 locations_added=0 locations_moved=0 locations_unavailable=0 failed=0 bytes_hashed=0 metadata_extractions=0 traversal_complete=true observations_applied=true absence_reconciled=true duration_ms=406.936 publish_transaction_ms=60.28 grouping_ms=0 sql_statements=43 rows_affected=34
2026/09/28 07:35:00 INFO reconciliation_scan_finished cycle_id=2 root_id=5f48cdc1-fe71-4c90-b1fa-cce84aa7e0c4 status=succeeded error_code="" traversal_complete=true absence_reconciled=true duration_ms=406.936
2026/09/28 07:48:17 INFO reconciliation_scan_started cycle_id=3 root_id=5f48cdc1-fe71-4c90-b1fa-cce84aa7e0c4 trigger=watcher
2026/09/28 07:48:17 INFO scan_started run_id=448d5740-e602-42a7-8672-41f795077799 root_id=5f48cdc1-fe71-4c90-b1fa-cce84aa7e0c4
2026/09/28 07:48:17 INFO scan_finished run_id=448d5740-e602-42a7-8672-41f795077799 root_id=5f48cdc1-fe71-4c90-b1fa-cce84aa7e0c4 status=succeeded error_code="" files_visited=11 files_supported=11 files_unchanged=10 files_hashed=1 imported=1 locations_added=1 locations_moved=0 locations_unavailable=0 failed=0 bytes_hashed=4404 metadata_extractions=1 traversal_complete=true observations_applied=true absence_reconciled=true duration_ms=64.621 publish_transaction_ms=25.504 grouping_ms=10.934 sql_statements=63 rows_affected=45
2026/09/28 07:48:17 INFO reconciliation_scan_finished cycle_id=3 root_id=5f48cdc1-fe71-4c90-b1fa-cce84aa7e0c4 status=succeeded error_code="" traversal_complete=true absence_reconciled=true duration_ms=64.621
2026/09/28 07:48:17 INFO reconciliation_scan_started cycle_id=4 root_id=5f48cdc1-fe71-4c90-b1fa-cce84aa7e0c4 trigger=watch_coverage_refresh
2026/09/28 07:48:17 INFO scan_started run_id=3db85e88-7915-46ce-a0bb-b15161b65b4c root_id=5f48cdc1-fe71-4c90-b1fa-cce84aa7e0c4
2026/09/28 07:48:18 INFO scan_finished run_id=3db85e88-7915-46ce-a0bb-b15161b65b4c root_id=5f48cdc1-fe71-4c90-b1fa-cce84aa7e0c4 status=succeeded error_code="" files_visited=11 files_supported=11 files_unchanged=11 files_hashed=0 imported=0 locations_added=0 locations_moved=0 locations_unavailable=0 failed=0 bytes_hashed=0 metadata_extractions=0 traversal_complete=true observations_applied=true absence_reconciled=true duration_ms=115.348 publish_transaction_ms=14.666 grouping_ms=0 sql_statements=45 rows_affected=37
2026/09/28 07:48:18 INFO reconciliation_scan_finished cycle_id=4 root_id=5f48cdc1-fe71-4c90-b1fa-cce84aa7e0c4 status=succeeded error_code="" traversal_complete=true absence_reconciled=true duration_ms=115.348
2026/09/28 07:49:27 INFO reconciliation_scan_started cycle_id=5 root_id=5f48cdc1-fe71-4c90-b1fa-cce84aa7e0c4 trigger=watcher
2026/09/28 07:49:27 INFO scan_started run_id=c9a842d5-056a-4308-acc0-26bc5334ba1c root_id=5f48cdc1-fe71-4c90-b1fa-cce84aa7e0c4
2026/09/28 07:49:27 INFO scan_finished run_id=c9a842d5-056a-4308-acc0-26bc5334ba1c root_id=5f48cdc1-fe71-4c90-b1fa-cce84aa7e0c4 status=succeeded error_code="" files_visited=10 files_supported=10 files_unchanged=10 files_hashed=0 imported=0 locations_added=0 locations_moved=0 locations_unavailable=1 failed=0 bytes_hashed=0 metadata_extractions=0 traversal_complete=true observations_applied=true absence_reconciled=true duration_ms=266.959 publish_transaction_ms=36.838 grouping_ms=0 sql_statements=44 rows_affected=35
2026/09/28 07:49:27 INFO reconciliation_scan_finished cycle_id=5 root_id=5f48cdc1-fe71-4c90-b1fa-cce84aa7e0c4 status=succeeded error_code="" traversal_complete=true absence_reconciled=true duration_ms=266.959
